[     222ms] [LOG] JQMIGRATE: Migrate is installed, version 1.4.1 @ https://hodiny.hamrsport.cz/ScriptResource.axd?d=KJuKQQx7PixqX6L1cmn4S_9HPYuy-OpXW_PDiYeQgxdNuTPslkYX5onOVwR0BhuifMjmOX0QfxBI_UWCWZ75D49a0zoak-pRl75Gogbw65NhndKxh0dqRu62mIzKduZ4LjnUUBwphg1_cf_qsd_mEw2&t=ffffffffaa499503:1
[     249ms] [VERBOSE] [DOM] Multiple forms should be contained in their own form elements; break up complex forms into ones that represent a single action: (More info: https://goo.gl/9p2vKq) %o @ https://hodiny.hamrsport.cz/Login.aspx:0
[     328ms] [ERROR] Failed to load resource: the server responded with a status of 404 () @ https://hodiny.hamrsport.cz/favicon.ico:0
[   18373ms] [LOG] JQMIGRATE: Migrate is installed, version 1.4.1 @ https://hodiny.hamrsport.cz/ScriptResource.axd?d=KJuKQQx7PixqX6L1cmn4S_9HPYuy-OpXW_PDiYeQgxdNuTPslkYX5onOVwR0BhuifMjmOX0QfxBI_UWCWZ75D49a0zoak-pRl75Gogbw65NhndKxh0dqRu62mIzKduZ4LjnUUBwphg1_cf_qsd_mEw2&t=ffffffffaa499503:1
[   18402ms] [VERBOSE] [DOM] Input elements should have autocomplete attributes (suggested: "current-password"): (More info: https://goo.gl/9p2vKq) %o @ https://hodiny.hamrsport.cz/Default.aspx:0
[   18402ms] [VERBOSE] [DOM] Input elements should have autocomplete attributes (suggested: "new-password"): (More info: https://goo.gl/9p2vKq) %o @ https://hodiny.hamrsport.cz/Default.aspx:0
[   18402ms] [VERBOSE] [DOM] Input elements should have autocomplete attributes (suggested: "new-password"): (More info: https://goo.gl/9p2vKq) %o @ https://hodiny.hamrsport.cz/Default.aspx:0
[  493699ms] [LOG] JQMIGRATE: Migrate is installed, version 1.4.1 @ https://hodiny.hamrsport.cz/ScriptResource.axd?d=KJuKQQx7PixqX6L1cmn4S_9HPYuy-OpXW_PDiYeQgxdNuTPslkYX5onOVwR0BhuifMjmOX0QfxBI_UWCWZ75D49a0zoak-pRl75Gogbw65NhndKxh0dqRu62mIzKduZ4LjnUUBwphg1_cf_qsd_mEw2&t=ffffffffaa499503:1
[  493729ms] [VERBOSE] [DOM] Input elements should have autocomplete attributes (suggested: "current-password"): (More info: https://goo.gl/9p2vKq) %o @ https://hodiny.hamrsport.cz/Default.aspx:0
[  493729ms] [VERBOSE] [DOM] Input elements should have autocomplete attributes (suggested: "new-password"): (More info: https://goo.gl/9p2vKq) %o @ https://hodiny.hamrsport.cz/Default.aspx:0
[  493729ms] [VERBOSE] [DOM] Input elements should have autocomplete attributes (suggested: "new-password"): (More info: https://goo.gl/9p2vKq) %o @ https://hodiny.hamrsport.cz/Default.aspx:0
[ 1364740ms] [LOG] JQMIGRATE: Migrate is installed, version 1.4.1 @ https://hodiny.hamrsport.cz/ScriptResource.axd?d=KJuKQQx7PixqX6L1cmn4S_9HPYuy-OpXW_PDiYeQgxdNuTPslkYX5onOVwR0BhuifMjmOX0QfxBI_UWCWZ75D49a0zoak-pRl75Gogbw65NhndKxh0dqRu62mIzKduZ4LjnUUBwphg1_cf_qsd_mEw2&t=ffffffffaa499503:1
[ 1364765ms] [VERBOSE] [DOM] Input elements should have autocomplete attributes (suggested: "current-password"): (More info: https://goo.gl/9p2vKq) %o @ https://hodiny.hamrsport.cz/Default.aspx:0
[ 1364765ms] [VERBOSE] [DOM] Input elements should have autocomplete attributes (suggested: "new-password"): (More info: https://goo.gl/9p2vKq) %o @ https://hodiny.hamrsport.cz/Default.aspx:0
[ 1364765ms] [VERBOSE] [DOM] Input elements should have autocomplete attributes (suggested: "new-password"): (More info: https://goo.gl/9p2vKq) %o @ https://hodiny.hamrsport.cz/Default.aspx:0
[ 1508013ms] [LOG] JQMIGRATE: Migrate is installed, version 1.4.1 @ https://hodiny.hamrsport.cz/ScriptResource.axd?d=KJuKQQx7PixqX6L1cmn4S_9HPYuy-OpXW_PDiYeQgxdNuTPslkYX5onOVwR0BhuifMjmOX0QfxBI_UWCWZ75D49a0zoak-pRl75Gogbw65NhndKxh0dqRu62mIzKduZ4LjnUUBwphg1_cf_qsd_mEw2&t=ffffffffaa499503:1
[ 1508055ms] [VERBOSE] [DOM] Input elements should have autocomplete attributes (suggested: "current-password"): (More info: https://goo.gl/9p2vKq) %o @ https://hodiny.hamrsport.cz/Default.aspx:0
[ 1508055ms] [VERBOSE] [DOM] Input elements should have autocomplete attributes (suggested: "new-password"): (More info: https://goo.gl/9p2vKq) %o @ https://hodiny.hamrsport.cz/Default.aspx:0
[ 1508055ms] [VERBOSE] [DOM] Input elements should have autocomplete attributes (suggested: "new-password"): (More info: https://goo.gl/9p2vKq) %o @ https://hodiny.hamrsport.cz/Default.aspx:0
[ 1557451ms] [LOG] JQMIGRATE: Migrate is installed, version 1.4.1 @ https://hodiny.hamrsport.cz/ScriptResource.axd?d=KJuKQQx7PixqX6L1cmn4S_9HPYuy-OpXW_PDiYeQgxdNuTPslkYX5onOVwR0BhuifMjmOX0QfxBI_UWCWZ75D49a0zoak-pRl75Gogbw65NhndKxh0dqRu62mIzKduZ4LjnUUBwphg1_cf_qsd_mEw2&t=ffffffffaa499503:1
[ 1557479ms] [VERBOSE] [DOM] Input elements should have autocomplete attributes (suggested: "current-password"): (More info: https://goo.gl/9p2vKq) %o @ https://hodiny.hamrsport.cz/Default.aspx:0
[ 1557479ms] [VERBOSE] [DOM] Input elements should have autocomplete attributes (suggested: "new-password"): (More info: https://goo.gl/9p2vKq) %o @ https://hodiny.hamrsport.cz/Default.aspx:0
[ 1557479ms] [VERBOSE] [DOM] Input elements should have autocomplete attributes (suggested: "new-password"): (More info: https://goo.gl/9p2vKq) %o @ https://hodiny.hamrsport.cz/Default.aspx:0
[ 1573813ms] [LOG] JQMIGRATE: Migrate is installed, version 1.4.1 @ https://hodiny.hamrsport.cz/ScriptResource.axd?d=KJuKQQx7PixqX6L1cmn4S_9HPYuy-OpXW_PDiYeQgxdNuTPslkYX5onOVwR0BhuifMjmOX0QfxBI_UWCWZ75D49a0zoak-pRl75Gogbw65NhndKxh0dqRu62mIzKduZ4LjnUUBwphg1_cf_qsd_mEw2&t=ffffffffaa499503:1
[ 1573841ms] [VERBOSE] [DOM] Input elements should have autocomplete attributes (suggested: "current-password"): (More info: https://goo.gl/9p2vKq) %o @ https://hodiny.hamrsport.cz/Default.aspx:0
[ 1573841ms] [VERBOSE] [DOM] Input elements should have autocomplete attributes (suggested: "new-password"): (More info: https://goo.gl/9p2vKq) %o @ https://hodiny.hamrsport.cz/Default.aspx:0
[ 1573841ms] [VERBOSE] [DOM] Input elements should have autocomplete attributes (suggested: "new-password"): (More info: https://goo.gl/9p2vKq) %o @ https://hodiny.hamrsport.cz/Default.aspx:0
[ 1638584ms] [LOG] JQMIGRATE: Migrate is installed, version 1.4.1 @ https://hodiny.hamrsport.cz/ScriptResource.axd?d=KJuKQQx7PixqX6L1cmn4S_9HPYuy-OpXW_PDiYeQgxdNuTPslkYX5onOVwR0BhuifMjmOX0QfxBI_UWCWZ75D49a0zoak-pRl75Gogbw65NhndKxh0dqRu62mIzKduZ4LjnUUBwphg1_cf_qsd_mEw2&t=ffffffffaa499503:1
[ 1638614ms] [VERBOSE] [DOM] Input elements should have autocomplete attributes (suggested: "current-password"): (More info: https://goo.gl/9p2vKq) %o @ https://hodiny.hamrsport.cz/Default.aspx:0
[ 1638614ms] [VERBOSE] [DOM] Input elements should have autocomplete attributes (suggested: "new-password"): (More info: https://goo.gl/9p2vKq) %o @ https://hodiny.hamrsport.cz/Default.aspx:0
[ 1638614ms] [VERBOSE] [DOM] Input elements should have autocomplete attributes (suggested: "new-password"): (More info: https://goo.gl/9p2vKq) %o @ https://hodiny.hamrsport.cz/Default.aspx:0
[ 1684169ms] [LOG] JQMIGRATE: Migrate is installed, version 1.4.1 @ https://hodiny.hamrsport.cz/ScriptResource.axd?d=KJuKQQx7PixqX6L1cmn4S_9HPYuy-OpXW_PDiYeQgxdNuTPslkYX5onOVwR0BhuifMjmOX0QfxBI_UWCWZ75D49a0zoak-pRl75Gogbw65NhndKxh0dqRu62mIzKduZ4LjnUUBwphg1_cf_qsd_mEw2&t=ffffffffaa499503:1
[ 1684199ms] [VERBOSE] [DOM] Input elements should have autocomplete attributes (suggested: "current-password"): (More info: https://goo.gl/9p2vKq) %o @ https://hodiny.hamrsport.cz/Default.aspx:0
[ 1684199ms] [VERBOSE] [DOM] Input elements should have autocomplete attributes (suggested: "new-password"): (More info: https://goo.gl/9p2vKq) %o @ https://hodiny.hamrsport.cz/Default.aspx:0
[ 1684199ms] [VERBOSE] [DOM] Input elements should have autocomplete attributes (suggested: "new-password"): (More info: https://goo.gl/9p2vKq) %o @ https://hodiny.hamrsport.cz/Default.aspx:0
